Outgoing calls from: EntryPoint (Function)

1. MiddleFunction (Function)
   Detail: <module>/workspace • callchain.go
   File: callchain.go
   Range: L11:C6 - L11:C20
   Call sites: 1 [L18:C9]

2. Println (Function)
   Detail: fmt • print.go
   File: <system-lib>
   Range: <system-range>
   Call sites: 1 [L19:C6]