Outgoing calls from: MiddleFunction (Function)

1. LeafFunction (Function)
   Detail: <module>/workspace • callchain.go
   File: callchain.go
   Range: L6:C6 - L6:C18
   Call sites: 1 [L12:C12]

2. Sprintf (Function)
   Detail: fmt • print.go
   File: <system-lib>
   Range: <system-range>
   Call sites: 1 [L13:C13]