type SharedInterface interface { // size=<normalized>
	Process() error
	GetName() string
}


SharedInterface defines behavior implemented across files



[`main.SharedInterface` on pkg.go.dev](https://pkg.go.dev/github.com/isaacphi/mcp-language-server/integrationtests/test-output/go/workspace#SharedInterface)