src/main.rs
Diagnostics in File: 5
ERROR at L12:C34: expected `;`, found `println` (Source: rustc)
HINT at L13:C5: unexpected token (Source: rustc)
HINT at L12:C34: add `;` here: `;` (Source: rustc)
ERROR at L11:C17: mismatched types
expected `String`, found `()` (Source: rustc, Code: E0308)
HINT at L11:C4: implicitly returns `()` as its body has no tail or `return` expression (Source: rustc, Code: E0308)

10|// FooBar is a simple function for testing
11|fn foo_bar() -> String {
12|    String::from("Hello, World!")
13|}
14|fn main() {
15|    println!("{}", foo_bar());