lsp_roundtrip_test.py
Diagnostics in File: 1
ERROR at L6:C12: Type "Literal['not a number']" is not assignable to return type "int"
  "Literal['not a number']" is not assignable to "int" (Source: Pyright, Code: <pyright-code>)

4|def calculate(x: int, y: int) -> int:
5|    """Calculate sum of two integers."""
6|    return "not a number"