Outgoing calls from: entry_point (Function)

1. middle_function (Function)
   File: callchain.py
   Range: L9:C5 - L9:C20
   Call sites: 1 [L17:C11]

2. print (Function)
   File: <system-lib>
   Range: <system-range>
   Call sites: 1 [L18:C5]

3. print (Function)
   File: <system-lib>
   Range: <system-range>
   Call sites: 1 [L18:C5]