---

include/helper.hpp
References in File: 1
At: L1:C6

1|void helperFunction();


src/consumer.cpp
References in File: 1
At: L14:C28

7|class TestClass {
...
 9|  /**
10|   * @brief A method that takes an integer parameter.
11|   *
12|   * @param param The integer parameter to be processed.
13|   */
14|  void method(int param) { helperFunction(); }
15|};


src/helper.cpp
References in File: 1
At: L7:C6

7|void helperFunction() { std::cout << "Helper function" << std::endl; }


src/main.cpp
References in File: 1
At: L11:C3

10|int main() {
11|  helperFunction();
12|  return 0;
13|
14|  foo_bar();
15|
16|  // Intentional error: unreachable code