---

another_consumer.ts
References in File: 2
At: L5:C3, L17:C24

 1|// Another consumer file that uses elements from the helper file
 2|import {
 3|  SharedFunction,
 4|  SharedInterface,
 5|  SharedClass,
 6|  SharedType,
 7|  SharedConstant,
 8|  SharedEnum
 9|} from './helper';
10|
...
17|  const instance = new SharedClass("another instance");


consumer.ts
References in File: 2
At: L5:C3, L16:C24

 1|// Consumer file that uses elements from the helper file
 2|import {
 3|  SharedFunction,
 4|  SharedInterface,
 5|  SharedClass,
 6|  SharedType,
 7|  SharedConstant,
 8|  SharedEnum
 9|} from './helper';
10|
...
16|  const instance = new SharedClass("test instance");