src/lsp_roundtrip_test.cpp
Diagnostics in File: 2
ERROR at L4:C12: Cannot initialize return object of type 'int' with an lvalue of type 'const char[13]' (Source: clang, Code: init_conversion_failed)
WARNING at L1:C1: Included header string is not used directly (fix available) (Source: clangd, Code: unused-includes)

1|#include <string>
2|
3|int calculate(int x, int y) {
4|    return "not a number";
5|}